// Jest Snapshot v1, https://goo.gl/fbAQLP

exports[`<LeftTop/> snapshot测试 1`] = `"<div></div>"`;
