// Jest Snapshot v1, https://goo.gl/fbAQLP

exports[`<DataCenter/> snapshot测试 1`] = `
"<div class="home">
  <transition-stub name="fade" mode="out-in">
    <dv-border-box-10>
      <div class="naca">
        <div class="index-header" style="margin-top: 5px;">
          <div>
            <dv-decoration-10 style="width: 450px; height: 1px; margin-bottom: 45px;"></dv-decoration-10>
            <dv-decoration-8 color="#568aea,#000000" style="width: 180px; height: 50px;"></dv-decoration-8>
            <div style="width: 150px; color: rgb(238, 236, 236); font-size: 18px; padding: 0px 15px; font-weight: bold;">
              数据中心
            </div>
            <dv-decoration-8 reverse="true" color="#568aea,#000000" style="width: 180px; height: 50px;"></dv-decoration-8>
            <dv-decoration-10 style="width: 450px; height: 1px; transform: rotateY(180deg); margin-bottom: 45px;"></dv-decoration-10>
          </div>
          <dv-decoration-5 color="#568aea,#000000" style="width: 10%; height: 20px;"></dv-decoration-5>
        </div>
        <div class="index-content">
          <div class="left">
            <div class="left-1">
              <dv-border-box-12>
                <div style="padding: 5px;">
                  <div class="title" style="margin-top: 5px;">
                    各种鱼群的数量
                  </div>
                  <div style="width: 100%; height: 120px;"></div>
                </div>
              </dv-border-box-12>
              <dv-border-box-12>
                <div style="padding: 5px 5px 30px 5px;">
                  <div class="title" style="margin-top: 1px;">水质数据</div>
                  <dv-scroll-board config="[object Object]" style="width: 100%; height: 110px;"></dv-scroll-board>
                </div>
              </dv-border-box-12>
              <dv-border-box-8>
                <div style="padding: 15px;">
                  <div class="title" style="margin-top: 5px;">传感器信息</div>
                  <dv-scroll-board config="[object Object]" style="width: 100%; height: 110px;"></dv-scroll-board>
                </div>
              </dv-border-box-8>
            </div>
          </div>
          <div class="cents">
            <div class="above">
              <div class="aboveOne">
                <div style="padding: 15px;">
                  <div class="title">系统信息</div>
                  <div style="display: flex; flex-direction: column; width: 100%; height: 120px; color: rgb(238, 236, 236);">
                    <div style="display: flex; flex: 1;">
                      <dv-decoration-11 style="width: 20px; height: 60px; text-align: center;">cpu使用率</dv-decoration-11>
                    </div>
                    <div style="display: flex; flex: 1;">
                      <dv-decoration-9 style="width: 150px; height: 150px;">50%</dv-decoration-9>
                    </div>
                  </div>
                </div>
                <div style="padding: 15px;">
                  <div class="title" style="margin-top: -30px;"></div>
                  <div class="content">
                    <div style="width: 430px; height: 90px;"></div>
                  </div>
                </div>
              </div>
              <div class="aboveTwo">
                <dv-border-box-12>
                  <div style="padding: 15px;">
                    <div class="title" style="margin-top: 5px;">
                      访问次数统计
                    </div>
                    <dv-capsule-chart config="[object Object]" style="width: 300px; height: 40px;"></dv-capsule-chart>
                    <div id="secondMian" style="width: 100%; height: 110px;"></div>
                  </div>
                </dv-border-box-12>
                <dv-border-box-12>
                  <div style="padding: 5px;">
                    <div class="title" style="margin-top: 5px;">
                      当日交互统计
                    </div>
                    <div style="width: 400px; height: 80px;"></div>
                  </div>
                </dv-border-box-12>
              </div>
            </div>
            <div class="below">
              <dv-border-box-9 color="#568aea">
                <div style="padding: 7px;">
                  <div class="title" style="margin-top: 5px;">
                    数据中心分布
                  </div>
                  <dv-scroll-ranking-board config="[object Object]" style="width: 100%; height: 140px;"></dv-scroll-ranking-board>
                  <div style="width: 100%; height: 60px; margin-top: 25px;"></div>
                </div>
              </dv-border-box-9>
            </div>
          </div>
        </div>
      </div>
    </dv-border-box-10>
  </transition-stub>
</div>"
`;
