// Jest Snapshot v1, https://goo.gl/fbAQLP

exports[`<UnderWaterSystem/> snapshot测试 1`] = `
"<div class="home">
  <transition-stub name="fade" mode="out-in">
    <dv-border-box-10>
      <div class="naca">
        <div class="index-header" style="margin-top: 5px;">
          <div>
            <dv-decoration-10 style="width: 450px; height: 1px; margin-bottom: 45px;"></dv-decoration-10>
            <dv-decoration-8 color="#568aea,#000000" style="width: 180px; height: 50px;"></dv-decoration-8>
            <div style="width: 150px; color: rgb(238, 236, 236); font-size: 18px; padding: 0px 15px; font-weight: bold;">
              水下系统
            </div>
            <dv-decoration-8 reverse="true" color="#568aea,#000000" style="width: 180px; height: 50px;"></dv-decoration-8>
            <dv-decoration-10 style="width: 450px; height: 1px; transform: rotateY(180deg); margin-bottom: 45px;"></dv-decoration-10>
          </div>
          <dv-decoration-5 color="#568aea,#000000" style="width: 10%; height: 20px;"></dv-decoration-5>
        </div>
        <div class="index-content">
          <div class="left">
            <div class="left-1">
              <dv-border-box-11 style="height: 200px; width: 490px; color: white;">
                <div style="padding: 5px; display: flex; flex-direction: column; justify-content: center; align-items: center;">
                  <div class="title" style="margin-top: 5px; color: white; text-align: center;">
                    鱼群数量
                  </div>
                  <dv-decoration-7 style="width: 400px; height: 60px; margin: 8px 0px; font-size: 24px;">总数：1038</dv-decoration-7>
                  <div style="display: flex; justify-content: center;">
                    <dv-decoration-7 style="width: 200px; height: 50px; margin-right: 10px; font-size: 18px;">今日新增：20</dv-decoration-7>
                    <dv-decoration-7 style="width: 200px; height: 50px; font-size: 18px;">今日死亡：5</dv-decoration-7>
                  </div>
                </div>
              </dv-border-box-11>
              <dv-border-box-12 style="height: 200px; width: 490px; color: white;">
                <div class="title" style="margin-top: 5px;">
                  海洋牧场环境感知得分
                </div>
                <div class="block" style="display: flex; align-items: center; margin-left: 10px; width: 28%; height: 3%;">
                  <el-date-picker type="date" placeholder="选择日期" size="small" picker-options="[object Object]"></el-date-picker>
                </div>
                <div style="width: 100%; height: 5%; color: white; text-align: right;">
                  <div style="opacity: 0.8; color: white;">舒适: 维持良好状态</div>
                  <div style="opacity: 0.8; color: white;">正常: 可能出现轻微变化或趋势</div>
                  <div style="opacity: 0.8; color: white;">隐患: 环境存在明显变化或问题</div>
                  <div style="opacity: 0.8; color: white;">危险: 出现严重问题或危机</div>
                </div>
                <div style="width: 100%; height: 75%; color: white;"></div>
              </dv-border-box-12>
              <div>
                <dv-border-box-12 style="height: 300px; width: 490px;">
                  <div class="title" style="margin-top: 5px;">鱼群个体数量历史曲线</div>
                  <div style="width: 100%; height: 300px;"></div>
                </dv-border-box-12>
              </div>
            </div>
          </div>
          <div class="cent">
            <dv-border-box-12 style="height: 330px; width: 540px; display: flex; flex-direction: column; align-items: center;">
              <div style="margin-top: 20px; display: flex; justify-content: center; align-items: center; flex-direction: column;">
                <div class="title" style="margin-top: 5px; text-align: center; color: white;">数据统计</div>
                <div style="text-align: center; display: flex; justify-content: space-between; align-items: center; width: 100%;">
                  <div style="display: flex; flex-direction: column; align-items: center; margin-bottom: 20px;">
                    <dv-decoration-7 style="width: 150px; height: 30px; color: white;">鱼种:0</dv-decoration-7>
                    <dv-decoration-7 style="width: 150px; height: 30px; color: white;">鱼苗:0尾</dv-decoration-7>
                    <dv-decoration-7 style="width: 150px; height: 30px; color: white;">生长:0尾</dv-decoration-7>
                  </div>
                  <dv-decoration-9 style="width: 200px; height: 200px; color: rgb(255, 255, 255); font-weight: bold; font-size: 20px;">已保障养殖鱼尾数：<br>0</dv-decoration-9>
                  <div style="display: flex; flex-direction: column; align-items: center; margin-bottom: 20px;">
                    <dv-decoration-7 style="width: 150px; height: 30px; color: white;">镜头：5</dv-decoration-7>
                    <dv-decoration-7 style="width: 150px; height: 30px; color: white;">云台：2</dv-decoration-7>
                    <dv-decoration-7 style="width: 150px; height: 30px; color: white;">声纳：1</dv-decoration-7>
                  </div>
                </div>
              </div>
            </dv-border-box-12>
            <dv-border-box-12 style="height: 250px; width: 540px;">
              <div class="title" style="margin-top: 5px;">鱼群属性分布曲线</div>
              <div style="width: 100%; height: 90%;"></div>
            </dv-border-box-12>
          </div>
          <div class="right">
            <div class="col-2">
              <dv-border-box-11>
                <div style="padding: 15px;">
                  <div class="title" style="margin-top: 5px; color: white;">
                    硬件信息
                  </div>
                  <div id="secondMain" style="width: 100%; height: auto; display: flex; justify-content: space-between;">
                    <div style="width: 48%; display: flex; flex-direction: column;">
                      <dv-decoration-11 style="height: 60px; color: white;">网箱信息</dv-decoration-11>
                      <div>
                        <dv-decoration-7 style="height: 30px; color: white;">长度：100m</dv-decoration-7>
                        <dv-decoration-7 style="height: 30px; color: white;">宽度：50m</dv-decoration-7>
                        <dv-decoration-7 style="height: 30px; color: white;">深度：20m</dv-decoration-7>
                        <dv-decoration-7 style="height: 30px; color: white;">经度：128.034</dv-decoration-7>
                        <dv-decoration-7 style="height: 30px; color: white;">纬度：56.123</dv-decoration-7>
                      </div>
                    </div>
                    <div style="width: 48%; display: flex; flex-direction: column;">
                      <dv-decoration-11 style="height: 60px; color: white;">水底传感器</dv-decoration-11>
                      <div>
                        <dv-decoration-7 style="height: 30px; color: white;">运行时间：24天13小时56分钟</dv-decoration-7>
                        <dv-decoration-7 style="height: 30px; color: white;">下次检修：35天后</dv-decoration-7>
                        <dv-decoration-7 style="height: 30px; color: white;">保修过期：2035年10月9日</dv-decoration-7>
                      </div>
                    </div>
                  </div>
                </div>
              </dv-border-box-11>
              <dv-border-box-12>
                <div style="padding: 5px;">
                  <div class="title" style="margin-top: 5px;">
                    鱼群种类占比
                  </div>
                  <div style="width: 100%; height: 150px;"></div>
                </div>
              </dv-border-box-12>
            </div>
          </div>
        </div>
      </div>
    </dv-border-box-10>
  </transition-stub>
</div>"
`;
